src/features/purchases/components/purchase-cost-preview.tsx(2,10): error TS2305: Module '"@/lib/formatters"' has no exported member 'formatMoney'.
src/features/purchases/components/purchase-form.tsx(10,80): error TS2307: Cannot find module '@/components/ui/form' or its corresponding type declarations.
src/features/purchases/components/purchase-form.tsx(12,79): error TS2307: Cannot find module '@/components/ui/select' or its corresponding type declarations.
src/features/purchases/components/purchase-form.tsx(38,5): error TS2322: Type 'Resolver<{ supplierId: unknown; purchaseCurrency: "BDT" | "MYR" | "THB" | "CNY" | "USD"; purchaseExchangeRateToBdt: string | number; purchaseRateId: unknown; cargoRateId: unknown; items: { variantId: unknown; quantity: unknown; unitPriceForeign: string | number; ... 4 more ...; notes?: string | undefined; }[]; ... 7...' is not assignable to type 'Resolver<{ supplierId: number | null | undefined; purchaseCurrency: "BDT" | "MYR" | "THB" | "CNY" | "USD"; purchaseExchangeRateToBdt: string; purchaseRateId: number | null | undefined; ... 9 more ...; notes?: string | undefined; }, any, { ...; }>'.
  Types of parameters 'options' and 'options' are incompatible.
    Type 'ResolverOptions<{ supplierId: number | null | undefined; purchaseCurrency: "BDT" | "MYR" | "THB" | "CNY" | "USD"; purchaseExchangeRateToBdt: string; purchaseRateId: number | null | undefined; ... 9 more ...; notes?: string | undefined; }>' is not assignable to type 'ResolverOptions<{ supplierId: unknown; purchaseCurrency: "BDT" | "MYR" | "THB" | "CNY" | "USD"; purchaseExchangeRateToBdt: string | number; purchaseRateId: unknown; cargoRateId: unknown; items: { variantId: unknown; quantity: unknown; unitPriceForeign: string | number; ... 4 more ...; notes?: string | undefined; }[]...'.
      Types of property 'names' are incompatible.
        Type 'string[] | undefined' is not assignable to type '("country" | "notes" | "supplierId" | "purchaseCurrency" | "purchaseExchangeRateToBdt" | "purchaseRateId" | "cargoCurrency" | "cargoExchangeRateToBdt" | "cargoRateId" | ... 4 more ... | "items")[] | undefined'.
          Type 'string[]' is not assignable to type '("country" | "notes" | "supplierId" | "purchaseCurrency" | "purchaseExchangeRateToBdt" | "purchaseRateId" | "cargoCurrency" | "cargoExchangeRateToBdt" | "cargoRateId" | "status" | "paymentStatus" | "cargoChargeForeign" | "otherImportCostBdt" | "items")[]'.
            Type 'string' is not assignable to type '"country" | "notes" | "supplierId" | "purchaseCurrency" | "purchaseExchangeRateToBdt" | "purchaseRateId" | "cargoCurrency" | "cargoExchangeRateToBdt" | "cargoRateId" | "status" | "paymentStatus" | "cargoChargeForeign" | "otherImportCostBdt" | "items"'.
src/features/purchases/components/purchase-form.tsx(96,41): error TS2345: Argument of type '(data: { supplierId: number | null | undefined; purchaseCurrency: "BDT" | "MYR" | "THB" | "CNY" | "USD"; purchaseExchangeRateToBdt: string; purchaseRateId: number | null | undefined; ... 9 more ...; notes?: string | undefined; }) => Promise<...>' is not assignable to parameter of type 'SubmitHandler<TFieldValues>'.
  Types of parameters 'data' and 'data' are incompatible.
    Type 'TFieldValues' is not assignable to type '{ supplierId: number | null | undefined; purchaseCurrency: "BDT" | "MYR" | "THB" | "CNY" | "USD"; purchaseExchangeRateToBdt: string; purchaseRateId: number | null | undefined; cargoCurrency: "BDT" | ... 4 more ... | undefined; ... 8 more ...; notes?: string | undefined; }'.
      Type 'FieldValues' is missing the following properties from type '{ supplierId: number | null | undefined; purchaseCurrency: "BDT" | "MYR" | "THB" | "CNY" | "USD"; purchaseExchangeRateToBdt: string; purchaseRateId: number | null | undefined; cargoCurrency: "BDT" | ... 4 more ... | undefined; ... 8 more ...; notes?: string | undefined; }': supplierId, purchaseCurrency, purchaseExchangeRateToBdt, purchaseRateId, and 8 more.
src/features/purchases/components/purchase-form.tsx(101,24): error TS7031: Binding element 'field' implicitly has an 'any' type.
src/features/purchases/components/purchase-form.tsx(105,35): error TS7006: Parameter 'val' implicitly has an 'any' type.
src/features/purchases/components/purchase-form.tsx(130,24): error TS7031: Binding element 'field' implicitly has an 'any' type.
src/features/purchases/components/purchase-form.tsx(144,24): error TS7031: Binding element 'field' implicitly has an 'any' type.
src/features/purchases/components/purchase-form.tsx(167,24): error TS7031: Binding element 'field' implicitly has an 'any' type.
src/features/purchases/components/purchase-form.tsx(198,24): error TS7031: Binding element 'field' implicitly has an 'any' type.
src/features/purchases/components/purchase-form.tsx(212,24): error TS7031: Binding element 'field' implicitly has an 'any' type.
src/features/purchases/components/purchase-form.tsx(239,26): error TS7031: Binding element 'field' implicitly has an 'any' type.
src/features/purchases/components/purchase-form.tsx(242,43): error TS7006: Parameter 'val' implicitly has an 'any' type.
src/features/purchases/components/purchase-form.tsx(263,26): error TS7031: Binding element 'field' implicitly has an 'any' type.
src/features/purchases/components/purchase-form.tsx(294,26): error TS7031: Binding element 'field' implicitly has an 'any' type.
src/features/purchases/components/purchase-form.tsx(308,26): error TS7031: Binding element 'field' implicitly has an 'any' type.
src/features/purchases/components/purchase-form.tsx(322,26): error TS7031: Binding element 'field' implicitly has an 'any' type.
src/features/purchases/components/purchase-form.tsx(355,22): error TS7031: Binding element 'field' implicitly has an 'any' type.
src/features/purchases/components/purchase-items-field-array.tsx(4,74): error TS2307: Cannot find module '@/components/ui/form' or its corresponding type declarations.
src/features/purchases/components/purchase-items-field-array.tsx(6,79): error TS2307: Cannot find module '@/components/ui/select' or its corresponding type declarations.
src/features/purchases/components/purchase-items-field-array.tsx(31,11): error TS2322: Type '{ children: (string | Element)[]; type: "button"; variant: "outline"; size: string; onClick: () => void; }' is not assignable to type 'IntrinsicAttributes & ButtonHTMLAttributes<HTMLButtonElement> & { variant?: "default" | "outline" | undefined; }'.
  Property 'size' does not exist on type 'IntrinsicAttributes & ButtonHTMLAttributes<HTMLButtonElement> & { variant?: "default" | "outline" | undefined; }'.
src/features/purchases/components/purchase-items-field-array.tsx(33,20): error TS2345: Argument of type '{ variantId: any; quantity: number; unitPriceForeign: string; }' is not assignable to parameter of type '{ variantId: number; quantity: number; unitPriceForeign: string; productSizeValue: string | undefined; productSizeUnit: "ML" | "G" | "KG" | "PCS" | "SET" | undefined; shippingWeightKg: string | undefined; suggestedSellingPrice: string | undefined; notes?: string | undefined; } | { ...; }[]'.
  Type '{ variantId: any; quantity: number; unitPriceForeign: string; }' is missing the following properties from type '{ variantId: number; quantity: number; unitPriceForeign: string; productSizeValue: string | undefined; productSizeUnit: "ML" | "G" | "KG" | "PCS" | "SET" | undefined; shippingWeightKg: string | undefined; suggestedSellingPrice: string | undefined; notes?: string | undefined; }': productSizeValue, productSizeUnit, shippingWeightKg, suggestedSellingPrice
src/features/purchases/components/purchase-items-field-array.tsx(53,13): error TS2322: Type '"ghost"' is not assignable to type '"default" | "outline" | undefined'.
src/features/purchases/components/purchase-items-field-array.tsx(65,26): error TS7031: Binding element 'field' implicitly has an 'any' type.
src/features/purchases/components/purchase-items-field-array.tsx(69,37): error TS7006: Parameter 'val' implicitly has an 'any' type.
src/features/purchases/components/purchase-items-field-array.tsx(93,26): error TS7031: Binding element 'field' implicitly has an 'any' type.
src/features/purchases/components/purchase-items-field-array.tsx(107,26): error TS7031: Binding element 'field' implicitly has an 'any' type.
src/features/purchases/components/purchase-items-field-array.tsx(121,26): error TS7031: Binding element 'field' implicitly has an 'any' type.
src/features/purchases/components/purchase-items-field-array.tsx(136,28): error TS7031: Binding element 'field' implicitly has an 'any' type.
src/features/purchases/components/purchase-items-field-array.tsx(150,28): error TS7031: Binding element 'field' implicitly has an 'any' type.
src/features/purchases/components/purchase-mobile-card-list.tsx(1,10): error TS2305: Module '"@/lib/formatters"' has no exported member 'formatMoney'.
src/features/purchases/components/purchases-table.tsx(1,10): error TS2305: Module '"@/lib/formatters"' has no exported member 'formatMoney'.
